// Jest Snapshot v1, https://goo.gl/fbAQLP

exports[`AuthButton Component matches snapshot when Logged in 1`] = `ShallowWrapper {}`;

exports[`AuthButton Component matches snapshot when Logged out 1`] = `ShallowWrapper {}`;
