// Jest Snapshot v1, https://goo.gl/fbAQLP

exports[`FileUpload Component matches snapshot 1`] = `
ShallowWrapper {
  Symbol(enzyme.__root__): [Circular],
  Symbol(enzyme.__unrendered__): <FileUpload
    files={
      Array [
        Object {
          "name": "file1",
          "size": 100,
        },
      ]
    }
    onFileAccepted={[MockFunction]}
  />,
  Symbol(enzyme.__renderer__): Object {
    "batchedUpdates": [Function],
    "getNode": [Function],
    "render": [Function],
    "simulateError": [Function],
    "simulateEvent": [Function],
    "unmount": [Function],
  },
  Symbol(enzyme.__node__): Object {
    "instance": null,
    "key": undefined,
    "nodeType": "host",
    "props": Object {
      "children": Array [
        <n
          className="drop-zone"
          disableClick={false}
          disabled={true}
          getDataTransferItems={[Function]}
          inputProps={Object {}}
          maxSize={Infinity}
          minSize={0}
          multiple={true}
          onDrop={[MockFunction]}
          preventDropOnDocument={true}
        >
          <div
            className="title"
          >
            Only one file can be selected.
          </div>
          <div
            className="sub-title"
          />
        </n>,
        <ul
          className="file-list"
        >
          <li>
            <FontAwesomeIcon
              border={false}
              className="file-icon"
              fixedWidth={false}
              flip={null}
              icon="file"
              inverse={false}
              listItem={false}
              mask={null}
              pull={null}
              pulse={false}
              rotation={null}
              size={null}
              spin={false}
              symbol={false}
              title=""
              transform={null}
            />
            <span
              className="file-name"
            >
              file1
            </span>
            <span
              className="file-size"
            >
              <div>
                  
                0
                Mb
              </div>
            </span>
          </li>
        </ul>,
      ],
      "className": "file-upload-container",
    },
    "ref": null,
    "rendered": Array [
      Object {
        "instance": null,
        "key": undefined,
        "nodeType": "class",
        "props": Object {
          "children": Array [
            <div
              className="title"
            >
              Only one file can be selected.
            </div>,
            <div
              className="sub-title"
            />,
          ],
          "className": "drop-zone",
          "disableClick": false,
          "disabled": true,
          "getDataTransferItems": [Function],
          "inputProps": Object {},
          "maxSize": Infinity,
          "minSize": 0,
          "multiple": true,
          "onDrop": [MockFunction],
          "preventDropOnDocument": true,
        },
        "ref": null,
        "rendered": Array [
          Object {
            "instance": null,
            "key": undefined,
            "nodeType": "host",
            "props": Object {
              "children": "Only one file can be selected.",
              "className": "title",
            },
            "ref": null,
            "rendered": "Only one file can be selected.",
            "type": "div",
          },
          Object {
            "instance": null,
            "key": undefined,
            "nodeType": "host",
            "props": Object {
              "className": "sub-title",
            },
            "ref": null,
            "rendered": null,
            "type": "div",
          },
        ],
        "type": [Function],
      },
      Object {
        "instance": null,
        "key": undefined,
        "nodeType": "host",
        "props": Object {
          "children": Array [
            <li>
              <FontAwesomeIcon
                border={false}
                className="file-icon"
                fixedWidth={false}
                flip={null}
                icon="file"
                inverse={false}
                listItem={false}
                mask={null}
                pull={null}
                pulse={false}
                rotation={null}
                size={null}
                spin={false}
                symbol={false}
                title=""
                transform={null}
              />
              <span
                className="file-name"
              >
                file1
              </span>
              <span
                className="file-size"
              >
                <div>
                    
                  0
                  Mb
                </div>
              </span>
            </li>,
          ],
          "className": "file-list",
        },
        "ref": null,
        "rendered": Array [
          Object {
            "instance": null,
            "key": "file1",
            "nodeType": "host",
            "props": Object {
              "children": Array [
                <FontAwesomeIcon
                  border={false}
                  className="file-icon"
                  fixedWidth={false}
                  flip={null}
                  icon="file"
                  inverse={false}
                  listItem={false}
                  mask={null}
                  pull={null}
                  pulse={false}
                  rotation={null}
                  size={null}
                  spin={false}
                  symbol={false}
                  title=""
                  transform={null}
                />,
                <span
                  className="file-name"
                >
                  file1
                </span>,
                <span
                  className="file-size"
                >
                  <div>
                      
                    0
                    Mb
                  </div>
                </span>,
              ],
            },
            "ref": null,
            "rendered": Array [
              Object {
                "instance": null,
                "key": undefined,
                "nodeType": "function",
                "props": Object {
                  "border": false,
                  "className": "file-icon",
                  "fixedWidth": false,
                  "flip": null,
                  "icon": "file",
                  "inverse": false,
                  "listItem": false,
                  "mask": null,
                  "pull": null,
                  "pulse": false,
                  "rotation": null,
                  "size": null,
                  "spin": false,
                  "symbol": false,
                  "title": "",
                  "transform": null,
                },
                "ref": null,
                "rendered": null,
                "type": [Function],
              },
              Object {
                "instance": null,
                "key": undefined,
                "nodeType": "host",
                "props": Object {
                  "children": "file1",
                  "className": "file-name",
                },
                "ref": null,
                "rendered": "file1",
                "type": "span",
              },
              Object {
                "instance": null,
                "key": undefined,
                "nodeType": "host",
                "props": Object {
                  "children": <div>
                      
                    0
                    Mb
                  </div>,
                  "className": "file-size",
                },
                "ref": null,
                "rendered": Object {
                  "instance": null,
                  "key": undefined,
                  "nodeType": "host",
                  "props": Object {
                    "children": Array [
                      "  ",
                      0,
                      "Mb",
                    ],
                  },
                  "ref": null,
                  "rendered": Array [
                    "  ",
                    0,
                    "Mb",
                  ],
                  "type": "div",
                },
                "type": "span",
              },
            ],
            "type": "li",
          },
        ],
        "type": "ul",
      },
    ],
    "type": "div",
  },
  Symbol(enzyme.__nodes__): Array [
    Object {
      "instance": null,
      "key": undefined,
      "nodeType": "host",
      "props": Object {
        "children": Array [
          <n
            className="drop-zone"
            disableClick={false}
            disabled={true}
            getDataTransferItems={[Function]}
            inputProps={Object {}}
            maxSize={Infinity}
            minSize={0}
            multiple={true}
            onDrop={[MockFunction]}
            preventDropOnDocument={true}
          >
            <div
              className="title"
            >
              Only one file can be selected.
            </div>
            <div
              className="sub-title"
            />
          </n>,
          <ul
            className="file-list"
          >
            <li>
              <FontAwesomeIcon
                border={false}
                className="file-icon"
                fixedWidth={false}
                flip={null}
                icon="file"
                inverse={false}
                listItem={false}
                mask={null}
                pull={null}
                pulse={false}
                rotation={null}
                size={null}
                spin={false}
                symbol={false}
                title=""
                transform={null}
              />
              <span
                className="file-name"
              >
                file1
              </span>
              <span
                className="file-size"
              >
                <div>
                    
                  0
                  Mb
                </div>
              </span>
            </li>
          </ul>,
        ],
        "className": "file-upload-container",
      },
      "ref": null,
      "rendered": Array [
        Object {
          "instance": null,
          "key": undefined,
          "nodeType": "class",
          "props": Object {
            "children": Array [
              <div
                className="title"
              >
                Only one file can be selected.
              </div>,
              <div
                className="sub-title"
              />,
            ],
            "className": "drop-zone",
            "disableClick": false,
            "disabled": true,
            "getDataTransferItems": [Function],
            "inputProps": Object {},
            "maxSize": Infinity,
            "minSize": 0,
            "multiple": true,
            "onDrop": [MockFunction],
            "preventDropOnDocument": true,
          },
          "ref": null,
          "rendered": Array [
            Object {
              "instance": null,
              "key": undefined,
              "nodeType": "host",
              "props": Object {
                "children": "Only one file can be selected.",
                "className": "title",
              },
              "ref": null,
              "rendered": "Only one file can be selected.",
              "type": "div",
            },
            Object {
              "instance": null,
              "key": undefined,
              "nodeType": "host",
              "props": Object {
                "className": "sub-title",
              },
              "ref": null,
              "rendered": null,
              "type": "div",
            },
          ],
          "type": [Function],
        },
        Object {
          "instance": null,
          "key": undefined,
          "nodeType": "host",
          "props": Object {
            "children": Array [
              <li>
                <FontAwesomeIcon
                  border={false}
                  className="file-icon"
                  fixedWidth={false}
                  flip={null}
                  icon="file"
                  inverse={false}
                  listItem={false}
                  mask={null}
                  pull={null}
                  pulse={false}
                  rotation={null}
                  size={null}
                  spin={false}
                  symbol={false}
                  title=""
                  transform={null}
                />
                <span
                  className="file-name"
                >
                  file1
                </span>
                <span
                  className="file-size"
                >
                  <div>
                      
                    0
                    Mb
                  </div>
                </span>
              </li>,
            ],
            "className": "file-list",
          },
          "ref": null,
          "rendered": Array [
            Object {
              "instance": null,
              "key": "file1",
              "nodeType": "host",
              "props": Object {
                "children": Array [
                  <FontAwesomeIcon
                    border={false}
                    className="file-icon"
                    fixedWidth={false}
                    flip={null}
                    icon="file"
                    inverse={false}
                    listItem={false}
                    mask={null}
                    pull={null}
                    pulse={false}
                    rotation={null}
                    size={null}
                    spin={false}
                    symbol={false}
                    title=""
                    transform={null}
                  />,
                  <span
                    className="file-name"
                  >
                    file1
                  </span>,
                  <span
                    className="file-size"
                  >
                    <div>
                        
                      0
                      Mb
                    </div>
                  </span>,
                ],
              },
              "ref": null,
              "rendered": Array [
                Object {
                  "instance": null,
                  "key": undefined,
                  "nodeType": "function",
                  "props": Object {
                    "border": false,
                    "className": "file-icon",
                    "fixedWidth": false,
                    "flip": null,
                    "icon": "file",
                    "inverse": false,
                    "listItem": false,
                    "mask": null,
                    "pull": null,
                    "pulse": false,
                    "rotation": null,
                    "size": null,
                    "spin": false,
                    "symbol": false,
                    "title": "",
                    "transform": null,
                  },
                  "ref": null,
                  "rendered": null,
                  "type": [Function],
                },
                Object {
                  "instance": null,
                  "key": undefined,
                  "nodeType": "host",
                  "props": Object {
                    "children": "file1",
                    "className": "file-name",
                  },
                  "ref": null,
                  "rendered": "file1",
                  "type": "span",
                },
                Object {
                  "instance": null,
                  "key": undefined,
                  "nodeType": "host",
                  "props": Object {
                    "children": <div>
                        
                      0
                      Mb
                    </div>,
                    "className": "file-size",
                  },
                  "ref": null,
                  "rendered": Object {
                    "instance": null,
                    "key": undefined,
                    "nodeType": "host",
                    "props": Object {
                      "children": Array [
                        "  ",
                        0,
                        "Mb",
                      ],
                    },
                    "ref": null,
                    "rendered": Array [
                      "  ",
                      0,
                      "Mb",
                    ],
                    "type": "div",
                  },
                  "type": "span",
                },
              ],
              "type": "li",
            },
          ],
          "type": "ul",
        },
      ],
      "type": "div",
    },
  ],
  Symbol(enzyme.__options__): Object {
    "adapter": ReactSixteenAdapter {
      "options": Object {
        "enableComponentDidUpdateOnSetState": true,
        "lifecycles": Object {
          "componentDidUpdate": Object {
            "onSetState": true,
          },
          "getDerivedStateFromProps": true,
          "getSnapshotBeforeUpdate": true,
          "setState": Object {
            "skipsComponentDidUpdateOnNullish": true,
          },
        },
      },
    },
  },
}
`;
