// Jest Snapshot v1, https://goo.gl/fbAQLP

exports[`Header Component matches snapshot when NOT authenticated 1`] = `ShallowWrapper {}`;

exports[`Header Component matches snapshot when authenticated 1`] = `ShallowWrapper {}`;
